// Jest Snapshot v1, https://goo.gl/fbAQLP

exports[`Header component render correctly 1`] = `
<AnimatedComponent
  style={
    Array [
      Object {
        "alignItems": "center",
        "backgroundColor": "#1DA1F2",
        "left": 0,
        "position": "absolute",
        "right": 0,
        "top": 0,
      },
      undefined,
    ]
  }
>
  <AnimatedComponent
    style={
      Array [
        Object {
          "color": "#ffffff",
          "fontWeight": "bold",
          "position": "absolute",
        },
        Object {
          "fontSize": 12,
        },
        undefined,
      ]
    }
    testID="headerUserName"
  >
    Someone
  </AnimatedComponent>
</AnimatedComponent>
`;
